No files changed, compilation skipped

Ran 7 tests for test/TreasuryGovernance.t.sol:TreasuryGovernanceTest
[PASS] test_BlockedReplacementRollsBackAndRotationRestoresDeposits() (gas: 1189932)
[PASS] test_GuardianPauseIsImmediateEvenWithTimelockOwner() (gas: 1923197)
[PASS] test_InvalidTreasuriesRejectedWithoutChangingRecipient() (gas: 126559)
[PASS] test_RotationAffectsFutureFeesOnlyAndPreservesPendingClaimAndBacking() (gas: 2716327)
[PASS] test_TreasuryCannotChangeDuringDepositEvenThroughOwnerCallback() (gas: 1078628)
[PASS] test_TreasuryChangeRequiresMatureTimelockOperation() (gas: 2920902)
[PASS] test_UsersGuardianAndTreasuryCannotRedirectFees() (gas: 90444)
Suite result: ok. 7 passed; 0 failed; 0 skipped; finished in 4.29ms (2.94ms CPU time)

Ran 8 tests for test/Metadata.t.sol:MetadataTest
[PASS] test_ExpiredMetadataFailsClosedButRawRedemptionRemainsAvailable() (gas: 2558919)
[PASS] test_InterfacesAndConversion() (gas: 921192)
[PASS] test_MetadataReplayAndUnauthorizedUpdatesRejected() (gas: 949282)
[PASS] test_OutOfOrderSnapshotsCannotOverwriteNewerState() (gas: 1693236)
[PASS] test_ScheduledActionCanBeCancelledByNewSnapshot() (gas: 1801387)
[PASS] test_ScheduledSplitDoesNotChangeRawBacking() (gas: 1935084)
[PASS] test_StaleMessageRequiresFreshPublication() (gas: 1665417)
[PASS] test_UninitializedMetadataDoesNotMisrepresentShares() (gas: 925348)
Suite result: ok. 8 passed; 0 failed; 0 skipped; finished in 7.78ms (6.42ms CPU time)

Ran 6 tests for test/DeploymentConfig.t.sol:DeploymentConfigTest
[PASS] test_DecimalStringsPreserveRawTokenPrecision() (gas: 10114917)
[PASS] test_NewDeploymentRejectsHistoricalCeilingDifferentFromInitialMaximum() (gas: 10097355)
[PASS] test_ObsoleteCapConfigRejectedBeforeDeployment() (gas: 10060451)
[PASS] test_ObsoleteRateConfigRejectedBeforeDeployment() (gas: 10076888)
[PASS] test_PlaceholderDeploymentFailsBeforeBroadcast() (gas: 9892776)
[PASS] test_ValidDeploymentCreatesTimelockOwnedPausedEndpoints() (gas: 20701820)
Suite result: ok. 6 passed; 0 failed; 0 skipped; finished in 11.79ms (19.17ms CPU time)

Ran 12 tests for test/Metadata.t.sol:MonthlyMetadataTest
[PASS] test_AnyoneCanRenewUnchangedMetadataBeforeExpiry() (gas: 1796009)
[PASS] test_DelayedDeliveryDoesNotRestartThirtyDayLifetime() (gas: 1708154)
[PASS] test_ExpiredMetadataFailsClosedButRawRedemptionRemainsAvailable() (gas: 2558919)
[PASS] test_InterfacesAndConversion() (gas: 921237)
[PASS] test_MetadataLifetimeConstructorBounds() (gas: 1549937)
[PASS] test_MetadataReplayAndUnauthorizedUpdatesRejected() (gas: 949260)
[PASS] test_OutOfOrderSnapshotsCannotOverwriteNewerState() (gas: 1693214)
[PASS] test_ScheduledActionCanBeCancelledByNewSnapshot() (gas: 1801409)
[PASS] test_ScheduledSplitDoesNotChangeRawBacking() (gas: 1935106)
[PASS] test_StaleMessageRequiresFreshPublication() (gas: 1665462)
[PASS] test_ThirtyDayFreshnessBoundary() (gas: 930508)
[PASS] test_UninitializedMetadataDoesNotMisrepresentShares() (gas: 925326)
Suite result: ok. 12 passed; 0 failed; 0 skipped; finished in 11.88ms (6.77ms CPU time)

Ran 1 test for test/Governance.t.sol:GovernanceTest
[PASS] test_TimelockHasNoDeployerBypassAndGuardianCannotResume() (gas: 4759793)
Suite result: ok. 1 passed; 0 failed; 0 skipped; finished in 5.50ms (4.28ms CPU time)

Ran 14 tests for test/TransferLimitGovernance.t.sol:TransferLimitGovernanceTest
[PASS] testFuzz_InboundCeilingNeverDecreasesAcrossChanges(uint256,uint256) (runs: 256, μ: 267944, ~: 282960)
[PASS] test_AllPendingLegacyMessagesCompleteWithoutWaitingAfterDecrease() (gas: 16372111)
[PASS] test_BothChangesRequireMatureTimelockWithoutPausingService() (gas: 2978672)
[PASS] test_ChangesNeedNoPauseAndNeverChangeLaneState() (gas: 323990)
[PASS] test_IncomingCeilingCannotBeLoweredOrZeroed() (gas: 181348)
[PASS] test_IncomingCeilingCannotChangeThroughOwnerCallbackDuringDeposit() (gas: 1047338)
[PASS] test_LegacyCeilingStillRejectsLargerAuthenticatedMessage() (gas: 1160633)
[PASS] test_LoweringPreservesPendingDepositsBurnsAndReplayProtection() (gas: 3594807)
[PASS] test_MaximumCannotChangeThroughOwnerCallbackDuringDeposit() (gas: 1047540)
[PASS] test_NoFormerCapacityOrUint128CeilingOnConfiguredMaximum() (gas: 1909651)
[PASS] test_PrepareBothReceiversBeforeActivatingLargerRequestsWithoutPause() (gas: 3466990)
[PASS] test_RepeatedTransfersAndMaximumChangesHaveNoQuota() (gas: 32731226)
[PASS] test_UsersGuardianAndTreasuryCannotChangeEitherMaximum() (gas: 320463)
[PASS] test_ZeroAndUnpreparedMaximumRejected() (gas: 117655)
Suite result: ok. 14 passed; 0 failed; 0 skipped; finished in 47.55ms (84.47ms CPU time)

Ran 8 tests for test/EdgeCases.t.sol:EdgeCasesTest
[PASS] testFuzz_InvalidAuthenticatedMetadata(uint8) (runs: 256, μ: 844885, ~: 844818)
[PASS] testFuzz_InvalidEndpointConfiguration(uint8) (runs: 256, μ: 371750, ~: 371816)
[PASS] test_BackgroundBackingDeficitBlocksNewDeposits() (gas: 995003)
[PASS] test_BadSourceMetadataAndMessageFees() (gas: 166874)
[PASS] test_GuardianRotationAndInvalidMasks() (gas: 206557)
[PASS] test_PendingGettersAndInvalidConstructor() (gas: 1207922)
[PASS] test_RawSnapshotReadableWhileStaleAndFullPrecisionConversion() (gas: 1895246)
[PASS] test_SupplyCanGrowInSameBlockWithoutTotalCap() (gas: 2648152)
Suite result: ok. 8 passed; 0 failed; 0 skipped; finished in 104.00ms (129.61ms CPU time)

Ran 13 tests for test/InternalAudit.t.sol:InternalAuditTest
[PASS] testFuzz_DirtyAbiWordsRejectedAndClaimStillDeliverable(uint8) (runs: 256, μ: 1029563, ~: 1023122)
[PASS] test_AlreadyReadyUnpauseDoesNotWaitAfterANewEmergencyPause() (gas: 4662599)
[PASS] test_DelayedOwnershipMigrationCanRemoveTimelockEntirely() (gas: 4714890)
[PASS] test_ExpiredScheduleIsNormalizedOnSourcePublication() (gas: 965384)
[PASS] test_FeeRecipientMayAlsoBeDepositorWithoutChangingBacking() (gas: 7098710)
[PASS] test_ForgedExcessRedemptionCannotSpendDonatedSurplus() (gas: 1787292)
[PASS] test_GovernanceCanReduceInitialTimelockDelayToZero() (gas: 4736259)
[PASS] test_ImmediateFeeRemainsPaidDuringDelayedDestinationExecution() (gas: 1051230)
[PASS] test_IncompatibleRemoteMaximumRequiresGovernanceCorrectionNotJustWaiting() (gas: 7378964)
[PASS] test_RawTransfersRemainAvailableWithAllBridgeLanesPausedAndStaleMetadata() (gas: 1904886)
[PASS] test_ReleaseCallbackCannotReenterOrSpendSameClaimTwice() (gas: 2341791)
[PASS] test_RoundTripBeyondFormerTotalCapWithOutOfOrderDelivery() (gas: 3332872)
[PASS] test_WrongEntryPointDoesNotConsumeTransferOrMetadata() (gas: 1894329)
Suite result: ok. 13 passed; 0 failed; 0 skipped; finished in 135.60ms (151.13ms CPU time)

Ran 15 tests for test/SignedVAA.t.sol:SignedVAATest
[PASS] testFuzz_AnyTruncatedSignedVaaCannotMint(uint256) (runs: 256, μ: 538450, ~: 526918)
[PASS] test_AlternativeQuorumCannotReplaySameSequence() (gas: 780237)
[PASS] test_DuplicateGuardianCannotCountTwiceTowardQuorum() (gas: 572401)
[PASS] test_ExpiredAttestationNeedsResigningAndReSigningCannotDoubleMint() (gas: 1430806)
[PASS] test_ExpiredGuardianSetRejected() (gas: 739946)
[PASS] test_InsufficientQuorumRejected() (gas: 535685)
[PASS] test_NewGuardianKeysRecoverPendingMintWithoutReplay() (gas: 1328480)
[PASS] test_NewGuardianKeysRecoverPendingReleaseWithoutDoublePayment() (gas: 1853923)
[PASS] test_OutOfBoundsGuardianIndexRejected() (gas: 544928)
[PASS] test_RealBinaryVaaRoundTripAcrossDifferentEvmDomains() (gas: 1141705)
[PASS] test_TamperedSignedPayloadRejected() (gas: 545348)
[PASS] test_TruncatedVAARejected() (gas: 46526)
[PASS] test_UnknownGuardianSetRejected() (gas: 529915)
[PASS] test_UnsupportedVaaVersionRejected() (gas: 508037)
[PASS] test_WrongGuardianSignatureRejected() (gas: 544960)
Suite result: ok. 15 passed; 0 failed; 0 skipped; finished in 177.67ms (204.47ms CPU time)

Ran 34 tests for test/Bridge.t.sol:BridgeTest
[PASS] testFuzz_InvalidAuthenticatedMessages(uint8) (runs: 256, μ: 902599, ~: 898858)
[PASS] testFuzz_RoundTripAndImmediateFee(uint256) (runs: 256, μ: 1733084, ~: 1736877)
[PASS] test_BackingDeficitBlocksExitsUntilRestored() (gas: 1863387)
[PASS] test_BurnReplay() (gas: 1743065)
[PASS] test_ChainChangeRejected() (gas: 770942)
[PASS] test_CoreDomainMismatchRejectedAtConstruction() (gas: 368518)
[PASS] test_DefaultPausedAndPeerRequired() (gas: 2746684)
[PASS] test_DonationsAreNotMintable() (gas: 968124)
[PASS] test_EmergencyGuardianCanPauseButCannotResume() (gas: 1028528)
[PASS] test_FailedFeeTransferRollsBackEverything() (gas: 202709)
[PASS] test_FeeExample100Becomes995() (gas: 1698939)
[PASS] test_FeeRounding() (gas: 18448)
[PASS] test_IncorrectNativeFeesRejected() (gas: 145337)
[PASS] test_IssuerFreezeRetry() (gas: 1815672)
[PASS] test_ManyUsersCanDepositAndRedeemInSameBlockWithoutSharedQuota() (gas: 56428426)
[PASS] test_NativeMessageFeesExactAndSeparate() (gas: 1785943)
[PASS] test_OwnerCannotMintOrBurn() (gas: 52922)
[PASS] test_PauseNewDepositsPreservesExit() (gas: 1726076)
[PASS] test_PausedReleaseCanRetry() (gas: 1755324)
[PASS] test_PendingAndOutOfOrder() (gas: 2548755)
[PASS] test_PendingDepositsAccumulateWithoutSharedQuota() (gas: 1534253)
[PASS] test_PublishFailureRollsBackFeeDepositAndBurn() (gas: 1255153)
[PASS] test_RapidRoundTripsNeedNoRefillOrWaiting() (gas: 32691378)
[PASS] test_ReentrancyGuardRejectsTokenCallback() (gas: 1095354)
[PASS] test_ReplayIndependentOfHashAndSignatures() (gas: 1066315)
[PASS] test_TaxedDepositRollsBack() (gas: 168090)
[PASS] test_TaxedReleaseRetry() (gas: 1838483)
[PASS] test_ThirdPartyCannotBurn() (gas: 953559)
[PASS] test_ThirdPartyRelayAndPermissionlessTransfer() (gas: 1774496)
[PASS] test_TrailingPayloadRejected() (gas: 883383)
[PASS] test_TransferMaximumChecked() (gas: 42518)
[PASS] test_UnattestedRejected() (gas: 50716)
[PASS] test_UnauthorizedAdministration() (gas: 124026)
[PASS] test_ZeroAndInvalidRecipient() (gas: 147599)
Suite result: ok. 34 passed; 0 failed; 0 skipped; finished in 293.34ms (364.44ms CPU time)

Ran 1 test for test/BridgeInvariant.t.sol:BridgeInvariantTest
[PASS] invariant_ReservesCoverSupplyAndEveryPendingClaim() (runs: 128, calls: 8192, reverts: 0)

╭---------------+-------------------+-------+---------+----------╮
| Contract      | Selector          | Calls | Reverts | Discards |
+================================================================+
| BridgeHandler | advanceTime       | 1001  | 0       | 0        |
|---------------+-------------------+-------+---------+----------|
| BridgeHandler | changeMaximum     | 1041  | 0       | 0        |
|---------------+-------------------+-------+---------+----------|
| BridgeHandler | deliverDeposit    | 980   | 0       | 0        |
|---------------+-------------------+-------+---------+----------|
| BridgeHandler | deliverRedemption | 1052  | 0       | 0        |
|---------------+-------------------+-------+---------+----------|
| BridgeHandler | deposit           | 1038  | 0       | 0        |
|---------------+-------------------+-------+---------+----------|
| BridgeHandler | redeem            | 1005  | 0       | 0        |
|---------------+-------------------+-------+---------+----------|
| BridgeHandler | setPause          | 1068  | 0       | 0        |
|---------------+-------------------+-------+---------+----------|
| BridgeHandler | transferWrapped   | 1007  | 0       | 0        |
╰---------------+-------------------+-------+---------+----------╯

Suite result: ok. 1 passed; 0 failed; 0 skipped; finished in 1.42s (1.42s CPU time)

Ran 2 tests for test/AssetExpansion.t.sol:AssetExpansionTest
[PASS] test_AddThirteenthAssetPreservesExistingTwelvePairs() (gas: 108504679)
[PASS] test_OneAssetMessageCannotMintAnotherAndPairPauseIsIsolated() (gas: 16657429)
Suite result: ok. 2 passed; 0 failed; 0 skipped; finished in 1.44s (16.35ms CPU time)

╭-------------------------------------+-----------------+-------+--------+-------+---------╮
| script/Deploy.s.sol:Deploy Contract |                 |       |        |       |         |
+==========================================================================================+
| Deployment Cost                     | Deployment Size |       |        |       |         |
|-------------------------------------+-----------------+-------+--------+-------+---------|
| 9767427                             | 45064           |       |        |       |         |
|-------------------------------------+-----------------+-------+--------+-------+---------|
|                                     |                 |       |        |       |         |
|-------------------------------------+-----------------+-------+--------+-------+---------|
| Function Name                       | Min             | Avg   | Median | Max   | # Calls |
|-------------------------------------+-----------------+-------+--------+-------+---------|
| run                                 | 76572           | 76572 | 76572  | 76572 | 1       |
╰-------------------------------------+-----------------+-------+--------+-------+---------╯

╭------------------------------------------------------+-----------------+--------+--------+--------+---------╮
| src/DestinationBridge.sol:DestinationBridge Contract |                 |        |        |        |         |
+=============================================================================================================+
| Deployment Cost                                      | Deployment Size |        |        |        |         |
|------------------------------------------------------+-----------------+--------+--------+--------+---------|
| 3181868                                              | 16873           |        |        |        |         |
|------------------------------------------------------+-----------------+--------+--------+--------+---------|
|                                                      |                 |        |        |        |         |
|------------------------------------------------------+-----------------+--------+--------+--------+---------|
| Function Name                                        | Min             | Avg    | Median | Max    | # Calls |
|------------------------------------------------------+-----------------+--------+--------+--------+---------|
| completeDeposit                                      | 32719           | 87578  | 78309  | 166403 | 2040    |
|------------------------------------------------------+-----------------+--------+--------+--------+---------|
| completeMetadata                                     | 52986           | 91121  | 84039  | 196315 | 290     |
|------------------------------------------------------+-----------------+--------+--------+--------+---------|
| deploymentChainId                                    | 262             | 262    | 262    | 262    | 4607    |
|------------------------------------------------------+-----------------+--------+--------+--------+---------|
| inboundMaxTransfer                                   | 2363            | 2363   | 2363   | 2363   | 1826    |
|------------------------------------------------------+-----------------+--------+--------+--------+---------|
| maxTransfer                                          | 2383            | 2383   | 2383   | 2383   | 1276    |
|------------------------------------------------------+-----------------+--------+--------+--------+---------|
| messageFee                                           | 5390            | 5390   | 5390   | 5390   | 298     |
|------------------------------------------------------+-----------------+--------+--------+--------+---------|
| owner                                                | 2387            | 2387   | 2387   | 2387   | 1583    |
|------------------------------------------------------+-----------------+--------+--------+--------+---------|
| pause                                                | 30009           | 32082  | 32809  | 32809  | 264     |
|------------------------------------------------------+-----------------+--------+--------+--------+---------|
| pausedLanes                                          | 419             | 2417   | 2419   | 2419   | 1837    |
|------------------------------------------------------+-----------------+--------+--------+--------+---------|
| peer                                                 | 2373            | 2373   | 2373   | 2373   | 12      |
|------------------------------------------------------+-----------------+--------+--------+--------+---------|
| prepareInboundMaxTransfer                            | 23790           | 32601  | 32601  | 32877  | 461     |
|------------------------------------------------------+-----------------+--------+--------+--------+---------|
| redeem                                               | 33768           | 534252 | 535047 | 544875 | 636     |
|------------------------------------------------------+-----------------+--------+--------+--------+---------|
| setMaxTransfer                                       | 23811           | 35000  | 35023  | 35323  | 1573    |
|------------------------------------------------------+-----------------+--------+--------+--------+---------|
| setPeer                                              | 53934           | 53945  | 53946  | 53946  | 146     |
|------------------------------------------------------+-----------------+--------+--------+--------+---------|
| unpause                                              | 23803           | 31677  | 32820  | 32820  | 422     |
|------------------------------------------------------+-----------------+--------+--------+--------+---------|
| wrappedAsset                                         | 316             | 316    | 316    | 316    | 533     |
╰------------------------------------------------------+-----------------+--------+--------+--------+---------╯

╭------------------------------------------+-----------------+--------+--------+--------+---------╮
| src/SourceVault.sol:SourceVault Contract |                 |        |        |        |         |
+=================================================================================================+
| Deployment Cost                          | Deployment Size |        |        |        |         |
|------------------------------------------+-----------------+--------+--------+--------+---------|
| 2667800                                  | 13464           |        |        |        |         |
|------------------------------------------+-----------------+--------+--------+--------+---------|
|                                          |                 |        |        |        |         |
|------------------------------------------+-----------------+--------+--------+--------+---------|
| Function Name                            | Min             | Avg    | Median | Max    | # Calls |
|------------------------------------------+-----------------+--------+--------+--------+---------|
| FEE_BPS                                  | 240             | 240    | 240    | 240    | 1       |
|------------------------------------------+-----------------+--------+--------+--------+---------|
| acceptOwnership                          | 28291           | 28291  | 28291  | 28291  | 1       |
|------------------------------------------+-----------------+--------+--------+--------+---------|
| completeRedemption                       | 37176           | 97781  | 103232 | 190296 | 547     |
|------------------------------------------+-----------------+--------+--------+--------+---------|
| deploymentChainId                        | 262             | 262    | 262    | 262    | 3694    |
|------------------------------------------+-----------------+--------+--------+--------+---------|
| deposit                                  | 31240           | 573420 | 607115 | 674606 | 1893    |
|------------------------------------------+-----------------+--------+--------+--------+---------|
| feeRecipient                             | 2416            | 2416   | 2416   | 2416   | 8       |
|------------------------------------------+-----------------+--------+--------+--------+---------|
| inboundMaxTransfer                       | 2363            | 2363   | 2363   | 2363   | 1833    |
|------------------------------------------+-----------------+--------+--------+--------+---------|
| locked                                   | 2384            | 2384   | 2384   | 2384   | 573     |
|------------------------------------------+-----------------+--------+--------+--------+---------|
| maxTransfer                              | 2383            | 2383   | 2383   | 2383   | 1309    |
|------------------------------------------+-----------------+--------+--------+--------+---------|
| messageFee                               | 5435            | 5435   | 5435   | 5435   | 902     |
|------------------------------------------+-----------------+--------+--------+--------+---------|
| owner                                    | 2387            | 2387   | 2387   | 2387   | 1594    |
|------------------------------------------+-----------------+--------+--------+--------+---------|
| pause                                    | 25936           | 31835  | 32809  | 32809  | 283     |
|------------------------------------------+-----------------+--------+--------+--------+---------|
| pausedLanes                              | 419             | 2417   | 2419   | 2419   | 1406    |
|------------------------------------------+-----------------+--------+--------+--------+---------|
| peer                                     | 2373            | 2373   | 2373   | 2373   | 13      |
|------------------------------------------+-----------------+--------+--------+--------+---------|
| prepareInboundMaxTransfer                | 23790           | 32568  | 32601  | 32877  | 467     |
|------------------------------------------+-----------------+--------+--------+--------+---------|
| publishMetadata                          | 35939           | 555947 | 559056 | 581856 | 288     |
|------------------------------------------+-----------------+--------+--------+--------+---------|
| quoteDeposit                             | 715             | 715    | 715    | 715    | 2       |
|------------------------------------------+-----------------+--------+--------+--------+---------|
| renounceOwnership                        | 2439            | 2439   | 2439   | 2439   | 1       |
|------------------------------------------+-----------------+--------+--------+--------+---------|
| setFeeRecipient                          | 23803           | 28106  | 29021  | 32869  | 10      |
|------------------------------------------+-----------------+--------+--------+--------+---------|
| setGuardian                              | 23773           | 26011  | 23782  | 30479  | 3       |
|------------------------------------------+-----------------+--------+--------+--------+---------|
| setMaxTransfer                           | 23855           | 35025  | 35067  | 35367  | 1580    |
|------------------------------------------+-----------------+--------+--------+--------+---------|
| setPeer                                  | 24491           | 53452  | 53836  | 53836  | 148     |
|------------------------------------------+-----------------+--------+--------+--------+---------|
| transferOwnership                        | 47861           | 47869  | 47873  | 47873  | 3       |
|------------------------------------------+-----------------+--------+--------+--------+---------|
| unpause                                  | 23803           | 31549  | 32820  | 32820  | 428     |
╰------------------------------------------+-----------------+--------+--------+--------+---------╯

╭--------------------------------------------+-----------------+-------+--------+-------+---------╮
| src/WrappedAsset.sol:WrappedAsset Contract |                 |       |        |       |         |
+=================================================================================================+
| Deployment Cost                            | Deployment Size |       |        |       |         |
|--------------------------------------------+-----------------+-------+--------+-------+---------|
| 1075063                                    | 5733            |       |        |       |         |
|--------------------------------------------+-----------------+-------+--------+-------+---------|
|                                            |                 |       |        |       |         |
|--------------------------------------------+-----------------+-------+--------+-------+---------|
| Function Name                              | Min             | Avg   | Median | Max   | # Calls |
|--------------------------------------------+-----------------+-------+--------+-------+---------|
| applySnapshot                              | 22387           | 22387 | 22387  | 22387 | 2       |
|--------------------------------------------+-----------------+-------+--------+-------+---------|
| balanceOf                                  | 2607            | 2607  | 2607   | 2607  | 2378    |
|--------------------------------------------+-----------------+-------+--------+-------+---------|
| balanceOfUI                                | 7058            | 9376  | 9376   | 11695 | 4       |
|--------------------------------------------+-----------------+-------+--------+-------+---------|
| bridgeBurn                                 | 21883           | 21883 | 21883  | 21883 | 1       |
|--------------------------------------------+-----------------+-------+--------+-------+---------|
| bridgeMint                                 | 21818           | 21818 | 21818  | 21818 | 1       |
|--------------------------------------------+-----------------+-------+--------+-------+---------|
| effectiveAt                                | 4642            | 6064  | 6775   | 6775  | 3       |
|--------------------------------------------+-----------------+-------+--------+-------+---------|
| fromUIAmount                               | 9225            | 9225  | 9225   | 9225  | 3       |
|--------------------------------------------+-----------------+-------+--------+-------+---------|
| metadataFresh                              | 2408            | 4286  | 4599   | 4599  | 14      |
|--------------------------------------------+-----------------+-------+--------+-------+---------|
| metadataMaxAge                             | 263             | 263   | 263    | 263   | 7       |
|--------------------------------------------+-----------------+-------+--------+-------+---------|
| newUIMultiplier                            | 4686            | 6108  | 6819   | 6819  | 3       |
|--------------------------------------------+-----------------+-------+--------+-------+---------|
| observedAt                                 | 2384            | 2384  | 2384   | 2384  | 5       |
|--------------------------------------------+-----------------+-------+--------+-------+---------|
| snapshot                                   | 6573            | 6573  | 6573   | 6573  | 1       |
|--------------------------------------------+-----------------+-------+--------+-------+---------|
| supportsInterface                          | 524             | 574   | 562    | 638   | 6       |
|--------------------------------------------+-----------------+-------+--------+-------+---------|
| toUIAmount                                 | 9248            | 9248  | 9248   | 9248  | 3       |
|--------------------------------------------+-----------------+-------+--------+-------+---------|
| totalSupply                                | 2371            | 2371  | 2371   | 2371  | 1060    |
|--------------------------------------------+-----------------+-------+--------+-------+---------|
| totalSupplyUI                              | 11367           | 11367 | 11367  | 11367 | 1       |
|--------------------------------------------+-----------------+-------+--------+-------+---------|
| transfer                                   | 29430           | 37330 | 34266  | 51426 | 542     |
|--------------------------------------------+-----------------+-------+--------+-------+---------|
| uiMultiplier                               | 2429            | 7728  | 8933   | 9047  | 14      |
╰--------------------------------------------+-----------------+-------+--------+-------+---------╯

╭---------------------------------------------------+-----------------+--------+---------+---------+---------╮
| test/BridgeInvariant.t.sol:BridgeHandler Contract |                 |        |         |         |         |
+============================================================================================================+
| Deployment Cost                                   | Deployment Size |        |         |         |         |
|---------------------------------------------------+-----------------+--------+---------+---------+---------|
| 3328060                                           | 15908           |        |         |         |         |
|---------------------------------------------------+-----------------+--------+---------+---------+---------|
|                                                   |                 |        |         |         |         |
|---------------------------------------------------+-----------------+--------+---------+---------+---------|
| Function Name                                     | Min             | Avg    | Median  | Max     | # Calls |
|---------------------------------------------------+-----------------+--------+---------+---------+---------|
| advanceTime                                       | 6663            | 7116   | 7353    | 7353    | 1007    |
|---------------------------------------------------+-----------------+--------+---------+---------+---------|
| changeMaximum                                     | 118641          | 140858 | 124385  | 191051  | 1049    |
|---------------------------------------------------+-----------------+--------+---------+---------+---------|
| deliverDeposit                                    | 8445            | 98817  | 132506  | 233288  | 991     |
|---------------------------------------------------+-----------------+--------+---------+---------+---------|
| deliverRedemption                                 | 8511            | 43069  | 8511    | 256031  | 1060    |
|---------------------------------------------------+-----------------+--------+---------+---------+---------|
| deposit                                           | 16975           | 833480 | 1279916 | 1406328 | 1041    |
|---------------------------------------------------+-----------------+--------+---------+---------+---------|
| drainPending                                      | 384564          | 384564 | 384564  | 384564  | 1       |
|---------------------------------------------------+-----------------+--------+---------+---------+---------|
| grossDeposited                                    | 2331            | 2331   | 2331    | 2331    | 1       |
|---------------------------------------------------+-----------------+--------+---------+---------+---------|
| originalReleased                                  | 2329            | 2329   | 2329    | 2329    | 1       |
|---------------------------------------------------+-----------------+--------+---------+---------+---------|
| paidFees                                          | 2351            | 2351   | 2351    | 2351    | 2       |
|---------------------------------------------------+-----------------+--------+---------+---------+---------|
| pendingMint                                       | 2373            | 2373   | 2373    | 2373    | 2       |
|---------------------------------------------------+-----------------+--------+---------+---------+---------|
| pendingRelease                                    | 2328            | 2328   | 2328    | 2328    | 2       |
|---------------------------------------------------+-----------------+--------+---------+---------+---------|
| redeem                                            | 22572           | 369906 | 22595   | 1216598 | 1017    |
|---------------------------------------------------+-----------------+--------+---------+---------+---------|
| setPause                                          | 51153           | 53138  | 53954   | 54654   | 1074    |
|---------------------------------------------------+-----------------+--------+---------+---------+---------|
| transferWrapped                                   | 9344            | 35279  | 52493   | 70379   | 1017    |
╰---------------------------------------------------+-----------------+--------+---------+---------+---------╯

╭----------------------------------------------------+-----------------+---------+---------+---------+---------╮
| test/DeploymentConfig.t.sol:ConfigHarness Contract |                 |         |         |         |         |
+==============================================================================================================+
| Deployment Cost                                    | Deployment Size |         |         |         |         |
|----------------------------------------------------+-----------------+---------+---------+---------+---------|
| 10003824                                           | 46160           |         |         |         |         |
|----------------------------------------------------+-----------------+---------+---------+---------+---------|
|                                                    |                 |         |         |         |         |
|----------------------------------------------------+-----------------+---------+---------+---------+---------|
| Function Name                                      | Min             | Avg     | Median  | Max     | # Calls |
|----------------------------------------------------+-----------------+---------+---------+---------+---------|
| deploy                                             | 3991849         | 4225866 | 4225866 | 4459883 | 2       |
|----------------------------------------------------+-----------------+---------+---------+---------+---------|
| parse                                              | 4999            | 26305   | 19023   | 54476   | 6       |
╰----------------------------------------------------+-----------------+---------+---------+---------+---------╯

╭-------------------------------------------------------+-----------------+--------+--------+--------+---------╮
| test/mocks/MockStockToken.sol:MockStockToken Contract |                 |        |        |        |         |
+==============================================================================================================+
| Deployment Cost                                       | Deployment Size |        |        |        |         |
|-------------------------------------------------------+-----------------+--------+--------+--------+---------|
| 1088395                                               | 4663            |        |        |        |         |
|-------------------------------------------------------+-----------------+--------+--------+--------+---------|
|                                                       |                 |        |        |        |         |
|-------------------------------------------------------+-----------------+--------+--------+--------+---------|
| Function Name                                         | Min             | Avg    | Median | Max    | # Calls |
|-------------------------------------------------------+-----------------+--------+--------+--------+---------|
| approve                                               | 46440           | 46685  | 46740  | 46740  | 177     |
|-------------------------------------------------------+-----------------+--------+--------+--------+---------|
| balanceOf                                             | 585             | 1386   | 585    | 2585   | 13964   |
|-------------------------------------------------------+-----------------+--------+--------+--------+---------|
| callbackResult                                        | 3255            | 3255   | 3255   | 3255   | 5       |
|-------------------------------------------------------+-----------------+--------+--------+--------+---------|
| callbackSucceeded                                     | 2367            | 2367   | 2367   | 2367   | 5       |
|-------------------------------------------------------+-----------------+--------+--------+--------+---------|
| decimals                                              | 289             | 289    | 289    | 289    | 152     |
|-------------------------------------------------------+-----------------+--------+--------+--------+---------|
| effectiveAt                                           | 406             | 406    | 406    | 406    | 287     |
|-------------------------------------------------------+-----------------+--------+--------+--------+---------|
| mint                                                  | 40949           | 60729  | 58085  | 75245  | 820     |
|-------------------------------------------------------+-----------------+--------+--------+--------+---------|
| newUIMultiplier                                       | 337             | 2330   | 2337   | 2337   | 287     |
|-------------------------------------------------------+-----------------+--------+--------+--------+---------|
| seize                                                 | 38865           | 38865  | 38865  | 38865  | 2       |
|-------------------------------------------------------+-----------------+--------+--------+--------+---------|
| setBlockedRecipient                                   | 43764           | 43764  | 43764  | 43764  | 2       |
|-------------------------------------------------------+-----------------+--------+--------+--------+---------|
| setCallback                                           | 67090           | 181409 | 67102  | 571777 | 5       |
|-------------------------------------------------------+-----------------+--------+--------+--------+---------|
| setFrozen                                             | 21755           | 32711  | 32711  | 43667  | 2       |
|-------------------------------------------------------+-----------------+--------+--------+--------+---------|
| setMultiplier                                         | 27208           | 41336  | 42715  | 51277  | 12      |
|-------------------------------------------------------+-----------------+--------+--------+--------+---------|
| setTaxed                                              | 21785           | 36393  | 43697  | 43697  | 3       |
|-------------------------------------------------------+-----------------+--------+--------+--------+---------|
| transfer                                              | 41242           | 49786  | 49786  | 58330  | 2       |
|-------------------------------------------------------+-----------------+--------+--------+--------+---------|
| uiMultiplier                                          | 4547            | 4549   | 4547   | 4661   | 287     |
╰-------------------------------------------------------+-----------------+--------+--------+--------+---------╯

╭-----------------------------------------------------------+-----------------+-------+--------+-------+---------╮
| test/mocks/MockWormholeCore.sol:MockWormholeCore Contract |                 |       |        |       |         |
+================================================================================================================+
| Deployment Cost                                           | Deployment Size |       |        |       |         |
|-----------------------------------------------------------+-----------------+-------+--------+-------+---------|
| 897461                                                    | 4082            |       |        |       |         |
|-----------------------------------------------------------+-----------------+-------+--------+-------+---------|
|                                                           |                 |       |        |       |         |
|-----------------------------------------------------------+-----------------+-------+--------+-------+---------|
| Function Name                                             | Min             | Avg   | Median | Max   | # Calls |
|-----------------------------------------------------------+-----------------+-------+--------+-------+---------|
| attest                                                    | 49059           | 49543 | 49479  | 49820 | 3296    |
|-----------------------------------------------------------+-----------------+-------+--------+-------+---------|
| chainId                                                   | 248             | 248   | 248    | 248   | 794     |
|-----------------------------------------------------------+-----------------+-------+--------+-------+---------|
| evmChainId                                                | 184             | 184   | 184    | 184   | 269     |
|-----------------------------------------------------------+-----------------+-------+--------+-------+---------|
| messageFee                                                | 2285            | 2285  | 2285   | 2285  | 3735    |
|-----------------------------------------------------------+-----------------+-------+--------+-------+---------|
| nextSequence                                              | 2647            | 2647  | 2647   | 2647  | 2       |
|-----------------------------------------------------------+-----------------+-------+--------+-------+---------|
| parseAndVerifyVM                                          | 4436            | 7297  | 7277   | 7472  | 2594    |
|-----------------------------------------------------------+-----------------+-------+--------+-------+---------|
| published                                                 | 57251           | 57757 | 57251  | 61722 | 2524    |
|-----------------------------------------------------------+-----------------+-------+--------+-------+---------|
| setFailPublish                                            | 21784           | 36392 | 43696  | 43696 | 3       |
|-----------------------------------------------------------+-----------------+-------+--------+-------+---------|
| setMessageFee                                             | 43561           | 43585 | 43585  | 43609 | 4       |
╰-----------------------------------------------------------+-----------------+-------+--------+-------+---------╯

╭-----------------------------------------------------------------+-----------------+--------+--------+--------+---------╮
| test/mocks/VerifiedCoreHarness.sol:VerifiedCoreHarness Contract |                 |        |        |        |         |
+========================================================================================================================+
| Deployment Cost                                                 | Deployment Size |        |        |        |         |
|-----------------------------------------------------------------+-----------------+--------+--------+--------+---------|
| 1975257                                                         | 8955            |        |        |        |         |
|-----------------------------------------------------------------+-----------------+--------+--------+--------+---------|
|                                                                 |                 |        |        |        |         |
|-----------------------------------------------------------------+-----------------+--------+--------+--------+---------|
| Function Name                                                   | Min             | Avg    | Median | Max    | # Calls |
|-----------------------------------------------------------------+-----------------+--------+--------+--------+---------|
| chainId                                                         | 2385            | 2385   | 2385   | 2385   | 30      |
|-----------------------------------------------------------------+-----------------+--------+--------+--------+---------|
| evmChainId                                                      | 2326            | 2326   | 2326   | 2326   | 30      |
|-----------------------------------------------------------------+-----------------+--------+--------+--------+---------|
| messageFee                                                      | 2294            | 2294   | 2294   | 2294   | 271     |
|-----------------------------------------------------------------+-----------------+--------+--------+--------+---------|
| parseAndVerifyVM                                                | 1458            | 19534  | 29733  | 46970  | 281     |
|-----------------------------------------------------------------+-----------------+--------+--------+--------+---------|
| publishedPayload                                                | 25767           | 25767  | 25767  | 25767  | 272     |
|-----------------------------------------------------------------+-----------------+--------+--------+--------+---------|
| rotate                                                          | 165819          | 179499 | 182919 | 182919 | 5       |
╰-----------------------------------------------------------------+-----------------+--------+--------+--------+---------╯

╭-------------------------------------------------------------------------------------------------------+-----------------+-------+--------+-------+---------╮
| vendor/openzeppelin-contracts/contracts/governance/TimelockController.sol:TimelockController Contract |                 |       |        |       |         |
+============================================================================================================================================================+
| Deployment Cost                                                                                       | Deployment Size |       |        |       |         |
|-------------------------------------------------------------------------------------------------------+-----------------+-------+--------+-------+---------|
| 1632923                                                                                               | 7870            |       |        |       |         |
|-------------------------------------------------------------------------------------------------------+-----------------+-------+--------+-------+---------|
|                                                                                                       |                 |       |        |       |         |
|-------------------------------------------------------------------------------------------------------+-----------------+-------+--------+-------+---------|
| Function Name                                                                                         | Min             | Avg   | Median | Max   | # Calls |
|-------------------------------------------------------------------------------------------------------+-----------------+-------+--------+-------+---------|
| DEFAULT_ADMIN_ROLE                                                                                    | 262             | 262   | 262    | 262   | 1       |
|-------------------------------------------------------------------------------------------------------+-----------------+-------+--------+-------+---------|
| execute                                                                                               | 30866           | 54148 | 52036  | 73341 | 15      |
|-------------------------------------------------------------------------------------------------------+-----------------+-------+--------+-------+---------|
| executeBatch                                                                                          | 34865           | 51707 | 51707  | 68549 | 2       |
|-------------------------------------------------------------------------------------------------------+-----------------+-------+--------+-------+---------|
| getMinDelay                                                                                           | 2402            | 2402  | 2402   | 2402  | 1       |
|-------------------------------------------------------------------------------------------------------+-----------------+-------+--------+-------+---------|
| hasRole                                                                                               | 2696            | 2696  | 2696   | 2696  | 1       |
|-------------------------------------------------------------------------------------------------------+-----------------+-------+--------+-------+---------|
| schedule                                                                                              | 54408           | 55217 | 54834  | 57149 | 13      |
|-------------------------------------------------------------------------------------------------------+-----------------+-------+--------+-------+---------|
| scheduleBatch                                                                                         | 65317           | 65317 | 65317  | 65317 | 1       |
╰-------------------------------------------------------------------------------------------------------+-----------------+-------+--------+-------+---------╯


Ran 12 test suites in 1.52s (3.66s CPU time): 121 tests passed, 0 failed, 0 skipped (121 total tests)
