Mutation baseline passed
vaa_validity: detected (18 failing tests)
emitter_chain: detected (2 failing tests)
source_domain: detected (2 failing tests)
destination_binding: detected (2 failing tests)
replay: detected (22 failing tests)
inbound_pause: detected (8 failing tests)
outbound_maximum: detected (4 failing tests)
resume_authority: detected (6 failing tests)
fee: detected (88 failing tests)
treasury_authority: detected (4 failing tests)
treasury_reentrancy: detected (2 failing tests)
limit_authority: detected (4 failing tests)
limit_reentrancy: detected (2 failing tests)
inbound_limit_nondecreasing: detected (2 failing tests)
inbound_maximum: detected (4 failing tests)
inbound_limit_authority: detected (4 failing tests)
inbound_limit_reentrancy: detected (2 failing tests)
net_backing: detected (74 failing tests)
exact_credit: detected (2 failing tests)
mint_amount: detected (52 failing tests)
burn: detected (18 failing tests)
metadata_freshness: detected (10 failing tests)
metadata_ordering: detected (4 failing tests)
All 23 targeted mutations detected
